
> frontend@0.1.0 test
> jest

watchman warning: Recrawled this watch 3 times, most recently because:
MustScanSubDirs UserDroppedTo resolve, please review the information on
https://facebook.github.io/watchman/docs/troubleshooting.html#recrawl
To clear this warning, run:
`watchman watch-del '/Users/aritrosaha/Developer/Structurify' ; watchman watch-project '/Users/aritrosaha/Developer/Structurify'`

FAIL __tests__/components/SchemaBuilder.test.tsx
  ● SchemaBuilder › disables submit button when isSubmitDisabled is true

    expect(element).toBeDisabled()

    Received element is not disabled:
      <div class="relative flex items-center justify-center gap-2 py-4 text-white font-bold tracking-wide" />

      58 |     );
      59 |
    > 60 |     expect(screen.getByText('Compile Heterogeneous Data')).toBeDisabled();
         |                                                            ^
      61 |   });
      62 | });
      63 |

      at Object.<anonymous> (__tests__/components/SchemaBuilder.test.tsx:60:60)

FAIL __tests__/components/JobStatus.test.tsx
  ● JobStatus › renders completed status and download link

    TestingLibraryElementError: Unable to find an accessible element with the role "link" and name `/Download Clean XLSX/i`

    Here are the accessible roles:

      heading:

      Name "Job Status Pipeline":
      [36m<h2[39m
        [33mclass[39m=[32m"text-xl font-bold mb-6 text-gray-100 flex items-center gap-2"[39m
      [36m/>[39m

      --------------------------------------------------
      paragraph:

      Name "":
      [36m<p[39m
        [33mclass[39m=[32m"font-bold text-lg text-gray-100 capitalize"[39m
        [33mdata-testid[39m=[32m"status-text"[39m
      [36m/>[39m

      Name "":
      [36m<p[39m
        [33mclass[39m=[32m"text-xs text-gray-500 font-mono mt-0.5"[39m
      [36m/>[39m

      Name "":
      [36m<p[39m
        [33mclass[39m=[32m"text-xs text-gray-400 mb-1 font-medium uppercase tracking-wider"[39m
      [36m/>[39m

      Name "":
      [36m<p[39m
        [33mclass[39m=[32m"font-bold text-2xl text-accent-400"[39m
      [36m/>[39m

      Name "":
      [36m<p[39m
        [33mclass[39m=[32m"text-xs text-gray-400 mb-1 font-medium uppercase tracking-wider"[39m
      [36m/>[39m

      Name "":
      [36m<p[39m
        [33mclass[39m=[32m"font-bold text-2xl text-blue-400"[39m
      [36m/>[39m

      --------------------------------------------------
      link:

      Name "Download Clean Dataset":
      [36m<a[39m
        [33mclass[39m=[32m"group relative flex items-center justify-center gap-2 w-full overflow-hidden rounded-xl bg-green-500/10 hover:bg-green-500/20 text-green-400 py-3.5 px-4 font-bold transition-all duration-300 border border-green-500/20 hover:border-green-500/40 hover:shadow-[0_0_20px_rgba(34,197,94,0.15)]"[39m
        [33mhref[39m=[32m"https://test.com"[39m
        [33mrel[39m=[32m"noreferrer"[39m
        [33mtarget[39m=[32m"_blank"[39m
      [36m/>[39m

      --------------------------------------------------

    Ignored nodes: comments, script, style
    [36m<body>[39m
      [36m<div>[39m
        [36m<div[39m
          [33mclass[39m=[32m"bg-white/5 backdrop-blur-md rounded-3xl shadow-2xl border border-white/10 p-8 relative overflow-hidden group mt-6"[39m
        [36m>[39m
          [36m<div[39m
            [33mclass[39m=[32m"absolute top-0 left-0 w-full h-1 bg-gradient-to-r from-accent-500 to-blue-500 opacity-50"[39m
          [36m/>[39m
          [36m<h2[39m
            [33mclass[39m=[32m"text-xl font-bold mb-6 text-gray-100 flex items-center gap-2"[39m
          [36m>[39m
            [36m<span[39m
              [33mclass[39m=[32m"bg-accent-500/20 text-accent-400 w-8 h-8 rounded-full flex items-center justify-center text-sm"[39m
            [36m>[39m
              [36m<svg[39m
                [33maria-hidden[39m=[32m"true"[39m
                [33mclass[39m=[32m"lucide lucide-loader-circle animate-spin"[39m
                [33mfill[39m=[32m"none"[39m
                [33mheight[39m=[32m"16"[39m
                [33mstroke[39m=[32m"currentColor"[39m
                [33mstroke-linecap[39m=[32m"round"[39m
                [33mstroke-linejoin[39m=[32m"round"[39m
                [33mstroke-width[39m=[32m"2"[39m
                [33mviewBox[39m=[32m"0 0 24 24"[39m
                [33mwidth[39m=[32m"16"[39m
                [33mxmlns[39m=[32m"http://www.w3.org/2000/svg"[39m
              [36m>[39m
                [36m<path[39m
                  [33md[39m=[32m"M21 12a9 9 0 1 1-6.219-8.56"[39m
                [36m/>[39m
              [36m</svg>[39m
            [36m</span>[39m
            [0mJob Status Pipeline[0m
          [36m</h2>[39m
          [36m<div[39m
            [33mclass[39m=[32m"flex flex-col gap-5"[39m
          [36m>[39m
            [36m<div[39m
              [33mclass[39m=[32m"flex items-center gap-4 bg-black/20 p-4 rounded-2xl border border-white/5"[39m
            [36m>[39m
              [36m<div[39m
                [33mclass[39m=[32m"p-3 rounded-xl relative bg-green-500/10 text-green-500 shadow-[0_0_20px_rgba(34,197,94,0.2)]"[39m
              [36m>[39m
                [36m<svg[39m
                  [33maria-hidden[39m=[32m"true"[39m
                  [33mclass[39m=[32m"lucide lucide-circle-check-big"[39m
                  [33mdata-testid[39m=[32m"status-completed"[39m
                  [33mfill[39m=[32m"none"[39m
                  [33mheight[39m=[32m"28"[39m
                  [33mstroke[39m=[32m"currentColor"[39m
                  [33mstroke-linecap[39m=[32m"round"[39m
                  [33mstroke-linejoin[39m=[32m"round"[39m
                  [33mstroke-width[39m=[32m"2"[39m
                  [33mviewBox[39m=[32m"0 0 24 24"[39m
                  [33mwidth[39m=[32m"28"[39m
                  [33mxmlns[39m=[32m"http://www.w3.org/2000/svg"[39m
                [36m>[39m
                  [36m<path[39m
                    [33md[39m=[32m"M21.801 10A10 10 0 1 1 17 3.335"[39m
                  [36m/>[39m
                  [36m<path[39m
                    [33md[39m=[32m"m9 11 3 3L22 4"[39m
                  [36m/>[39m
                [36m</svg>[39m
              [36m</div>[39m
              [36m<div>[39m
                [36m<p[39m
                  [33mclass[39m=[32m"font-bold text-lg text-gray-100 capitalize"[39m
                  [33mdata-testid[39m=[32m"status-text"[39m
                [36m>[39m
                  [0mcompleted[0m
                [36m</p>[39m
                [36m<p[39m
                  [33mclass[39m=[32m"text-xs text-gray-500 font-mono mt-0.5"[39m
                [36m>[39m
                  [0mID: [0m
                  [0m123[0m
                [36m</p>[39m
              [36m</div>[39m
            [36m</div>[39m
            [36m<div[39m
              [33mclass[39m=[32m"mt-2 p-5 bg-black/30 rounded-2xl border border-white/10 animate-in fade-in zoom-in-95 duration-500"[39m
            [36m>[39m
              [36m<div[39m
                [33mclass[39m=[32m"flex justify-between items-center mb-5"[39m
              [36m>[39m
                [36m<div[39m
                  [33mclass[39m=[32m"bg-white/5 px-4 py-3 rounded-xl flex-1 mr-3 border border-white/5 text-center"[39m
                [36m>[39m
                  [36m<p[39m
                    [33mclass[39m=[32m"text-xs text-gray-400 mb-1 font-medium uppercase tracking-wider"[39m
                  [36m>[39m
                    [0mProcessed Rows[0m
                  [36m</p>[39m
                  [36m<p[39m
                    [33mclass[39m=[32m"font-bold text-2xl text-accent-400"[39m
                  [36m>[39m
                    [0m50[0m
                  [36m</p>[39m
                [36m</div>[39m
                [36m<div[39m
                  [33mclass[39m=[32m"bg-white/5 px-4 py-3 rounded-xl flex-1 ml-3 border border-white/5 text-center"[39m
                [36m>[39m
                  [36m<p[39m
                    [33mclass[39m=[32m"text-xs text-gray-400 mb-1 font-medium uppercase tracking-wider"[39m
                  [36m>[39m
                    [0mProcessing Time[0m
                  [36m</p>[39m
                  [36m<p[39m
                    [33mclass[39m=[32m"font-bold text-2xl text-blue-400"[39m
                  [36m>[39m
                    [0m5[0m
                    [0ms[0m
                  [36m</p>[39m
                [36m</div>[39m
              [36m</div>[39m
              [36m<a[39m
                [33mclass[39m=[32m"group relative flex items-center justify-center gap-2 w-full overflow-hidden rounded-xl bg-green-500/10 hover:bg-green-500/20 text-green-400 py-3.5 px-4 font-bold transition-all duration-300 border border-green-500/20 hover:border-green-500/40 hover:shadow-[0_0_20px_rgba(34,197,94,0.15)]"[39m
                [33mhref[39m=[32m"https://test.com"[39m
                [33mrel[39m=[32m"noreferrer"[39m
                [33mtarget[39m=[32m"_blank"[39m
              [36m>[39m
                [36m<svg[39m
                  [33maria-hidden[39m=[32m"true"[39m
                  [33mclass[39m=[32m"lucide lucide-download group-hover:translate-y-0.5 transition-transform"[39m
                  [33mfill[39m=[32m"none"[39m
                  [33mheight[39m=[32m"20"[39m
                  [33mstroke[39m=[32m"currentColor"[39m
                  [33mstroke-linecap[39m=[32m"round"[39m
                  [33mstroke-linejoin[39m=[32m"round"[39m
                  [33mstroke-width[39m=[32m"2"[39m
                  [33mviewBox[39m=[32m"0 0 24 24"[39m
                  [33mwidth[39m=[32m"20"[39m
                  [33mxmlns[39m=[32m"http://www.w3.org/2000/svg"[39m
                [36m>[39m
                  [36m<path[39m
                    [33md[39m=[32m"M12 15V3"[39m
                  [36m/>[39m
                  [36m<path[39m
                    [33md[39m=[32m"M21 15v4a2 2 0 0 1-2 2H5a2 2 0 0 1-2-2v-4"[39m
                  [36m/>[39m
                  [36m<path[39m
                    [33md[39m=[32m"m7 10 5 5 5-5"[39m
                  [36m/>[39m
                [36m</svg>[39m
                [0mDownload Clean Dataset[0m
              [36m</a>[39m
            [36m</div>[39m
          [36m</div>[39m
        [36m</div>[39m
      [36m</div>[39m
    [36m</body>[39m

      24 |     expect(screen.getByText('50')).toBeInTheDocument();
      25 |     expect(screen.getByText('5s')).toBeInTheDocument();
    > 26 |     expect(screen.getByRole('link', { name: /Download Clean XLSX/i })).toHaveAttribute('href', 'https://test.com');
         |                   ^
      27 |   });
      28 |
      29 |   it('renders failed status with error message', () => {

      at Object.getElementError (node_modules/@testing-library/dom/dist/config.js:37:19)
      at node_modules/@testing-library/dom/dist/query-helpers.js:76:38
      at node_modules/@testing-library/dom/dist/query-helpers.js:52:17
      at getByRole (node_modules/@testing-library/dom/dist/query-helpers.js:95:19)
      at Object.<anonymous> (__tests__/components/JobStatus.test.tsx:26:19)

Test Suites: 2 failed, 2 total
Tests:       2 failed, 4 passed, 6 total
Snapshots:   0 total
Time:        0.738 s, estimated 1 s
Ran all test suites.
